error[limit_function_complexity]: cyclomatic complexity is too high (42 > 40)
  ┌─ selene-lib/tests/lints/high_cyclomatic_complexity/complex_var_expressions.lua:4:1
  │
4 │ function f()
  │ ^^^^^^^^^^^^