error[high_cyclomatic_complexity]: cyclomatic complexity is too high (2 > 1)
  ┌─ selene-lib/tests/lints/high_cyclomatic_complexity/lua51_basic_complexity.lua:2:11
  │
2 │ local h = function()
  │           ^^^^^^^^^^

