error[roblox_roact_dangling_connection]: disconnect the connection where appropriate
  ┌─ roblox_roact_dangling_connection.lua:7:5
  │
7 │     a:Connect()
  │     ^^^^^^^^^^^

error[roblox_roact_dangling_connection]: disconnect the connection where appropriate
  ┌─ roblox_roact_dangling_connection.lua:8:5
  │
8 │     a:connect()
  │     ^^^^^^^^^^^

error[roblox_roact_dangling_connection]: disconnect the connection where appropriate
  ┌─ roblox_roact_dangling_connection.lua:9:5
  │
9 │     a:ConnectParallel()
  │     ^^^^^^^^^^^^^^^^^^^

error[roblox_roact_dangling_connection]: disconnect the connection where appropriate
   ┌─ roblox_roact_dangling_connection.lua:10:5
   │
10 │     a:Once()
   │     ^^^^^^^^

error[roblox_roact_dangling_connection]: disconnect the connection where appropriate
   ┌─ roblox_roact_dangling_connection.lua:12:5
   │
12 │     a.Connect()
   │     ^^^^^^^^^^^

error[roblox_roact_dangling_connection]: disconnect the connection where appropriate
   ┌─ roblox_roact_dangling_connection.lua:13:5
   │
13 │     a.connect()
   │     ^^^^^^^^^^^

error[roblox_roact_dangling_connection]: disconnect the connection where appropriate
   ┌─ roblox_roact_dangling_connection.lua:14:5
   │
14 │     a.ConnectParallel()
   │     ^^^^^^^^^^^^^^^^^^^

error[roblox_roact_dangling_connection]: disconnect the connection where appropriate
   ┌─ roblox_roact_dangling_connection.lua:15:5
   │
15 │     a.Once()
   │     ^^^^^^^^

error[roblox_roact_dangling_connection]: disconnect the connection in the useEffect cleanup function
   ┌─ roblox_roact_dangling_connection.lua:22:9
   │
22 │         a:connect()
   │         ^^^^^^^^^^^

error[roblox_roact_dangling_connection]: disconnect the connection in the useEffect cleanup function
   ┌─ roblox_roact_dangling_connection.lua:28:9
   │
28 │         a:connect()
   │         ^^^^^^^^^^^

