error[mismatched_arg_count]: this function takes 2 arguments but 1 arguments were supplied
  ┌─ alternative_function_definition.lua:1:10
  │
1 │ function foo(a, b)
  │          --- note: function defined here
  ·
4 │ foo(1)
  │ ^^^ expected 2 arguments

error[mismatched_arg_count]: this function takes 2 arguments but 3 arguments were supplied
  ┌─ alternative_function_definition.lua:1:10
  │
1 │ function foo(a, b)
  │          --- note: function defined here
  ·
6 │ foo(1, 2, 3)
  │ ^^^ expected 2 arguments

error[mismatched_arg_count]: this function takes 2 arguments but 1 arguments were supplied
   ┌─ alternative_function_definition.lua:8:7
   │
 8 │ local bar = function(a, b)
   │       --- note: function defined here
 9 │ end
10 │ bar(1)
   │ ^^^ expected 2 arguments

error[mismatched_arg_count]: this function takes 3 arguments but 1 arguments were supplied
   ┌─ alternative_function_definition.lua:13:1
   │
13 │ baz = function(a, b, c)
   │ --- note: function defined here
14 │ end
15 │ baz(1)
   │ ^^^ expected 3 arguments

error[mismatched_arg_count]: this function takes 3 arguments but 2 arguments were supplied
   ┌─ alternative_function_definition.lua:13:1
   │
13 │ baz = function(a, b, c)
   │ --- note: function defined here
   ·
16 │ baz(1, 2)
   │ ^^^ expected 3 arguments

