error[mismatched_arg_count]: this function takes 1 arguments but 2 arguments were supplied
   ┌─ overriden_variables.lua:11:16
   │
11 │ local function bar(a)
   │                --- note: function defined here
   ·
15 │ bar(3, 4)
   │ ^^^ expected 1 arguments

