error[roblox_mismatched_udim2_new_arg_count]: UDim2.new takes 4 numbers, but 1 were provided.
  ┌─ roblox_mismatched_udim2_new_arg_count.lua:1:1
  │
1 │ UDim2.new(1)
  │ ^^^^^^^^^^^^
  │
  = help: did you mean to use UDim2.fromScale or UDim2.fromOffset instead?

error[roblox_mismatched_udim2_new_arg_count]: UDim2.new takes 4 numbers, but 2 were provided.
  ┌─ roblox_mismatched_udim2_new_arg_count.lua:2:1
  │
2 │ UDim2.new(1, 1)
  │ ^^^^^^^^^^^^^^^
  │
  = help: did you mean to use UDim2.fromScale or UDim2.fromOffset instead?

error[roblox_mismatched_udim2_new_arg_count]: UDim2.new takes 4 numbers, but 3 were provided.
  ┌─ roblox_mismatched_udim2_new_arg_count.lua:3:1
  │
3 │ UDim2.new(1, 1, 1)
  │ ^^^^^^^^^^^^^^^^^^
  │
  = help: did you mean to use UDim2.fromScale or UDim2.fromOffset instead?

