error[roblox_roact_non_exhaustive_deps]: react hook useEffect has missing dependency: 'shouldNotIgnoreState'
   ┌─ known_stable_vars.lua:12:10
   │
12 │     end, {})
   │          ^^
   │
   = help: either include it or remove the dependency array

