error[roblox_roact_non_exhaustive_deps]: react hook useEffect has missing dependencies: 'reactive1' and 'reactive2'
   ┌─ roblox_roact_non_exhaustive_deps.lua:13:10
   │
13 │     end, {})
   │          ^^
   │
   = help: either include them or remove the dependency array

error[roblox_roact_non_exhaustive_deps]: react hook useEffect has missing dependency: 'reactive2'
   ┌─ roblox_roact_non_exhaustive_deps.lua:30:10
   │
30 │     end, depArray(reactive1))
   │          ^^^^^^^^^^^^^^^^^^^
   │
   = help: either include it or remove the dependency array

error[roblox_roact_non_exhaustive_deps]: react hook useEffect has missing dependency: 'reactive1'
   ┌─ roblox_roact_non_exhaustive_deps.lua:43:10
   │
43 │     end, {})
   │          ^^
   │
   = help: either include it or remove the dependency array

error[roblox_roact_non_exhaustive_deps]: react hook useEffect has unnecessary dependencies: 'error' and 'notreactive1'
   ┌─ roblox_roact_non_exhaustive_deps.lua:47:37
   │
47 │     React.useEffect(function() end, { error, notreactive1 })
   │                                     ^^^^^^^^^^^^^^^^^^^^^^^
   │
   = help: either exclude them or remove the dependency array
   = outer scope variables like 'error' aren't valid dependencies because mutating them doesn't re-render the component

error[roblox_roact_non_exhaustive_deps]: react hook useEffect has missing dependency: 'reactive1'
   ┌─ roblox_roact_non_exhaustive_deps.lua:55:10
   │
55 │     end, { notreactive1 })
   │          ^^^^^^^^^^^^^^^^
   │
   = help: either include it or remove the dependency array

error[roblox_roact_non_exhaustive_deps]: react hook useEffect has unnecessary dependency: 'notreactive1'
   ┌─ roblox_roact_non_exhaustive_deps.lua:55:10
   │
55 │     end, { notreactive1 })
   │          ^^^^^^^^^^^^^^^^
   │
   = help: either exclude it or remove the dependency array
   = outer scope variables like 'notreactive1' aren't valid dependencies because mutating them doesn't re-render the component

