error[manual_table_clone]: manual implementation of table.clone
   ┌─ false_positive.lua:77:2
   │  
71 │       local result = {}
   │       ----------------- remove this definition
   ·  
77 │ ╭     for key, value in pairs(t) do
78 │ │         result[key] = value
79 │ │     end
   │ ╰───────^
   │  
   = try `local result = table.clone(t)`

error[manual_table_clone]: manual implementation of table.clone
   ┌─ false_positive.lua:86:3
   │  
86 │ ╭         local result = {}
87 │ │ 
88 │ │         for key, value in pairs(t) do
89 │ │             result[key] = value
90 │ │         end
   │ ╰───────────^
   │  
   = try `local result = table.clone(t)`

