error[roblox_roact_exhaustive_deps]: React hook useEffect has missing dependencies: 'reactive1' and 'reactive2'. Either include them or remove the dependency array.
   ┌─ roblox_roact_exhaustive_deps.lua:13:10
   │
13 │     end, {})
   │          ^^

error[roblox_roact_exhaustive_deps]: React hook useEffect has a missing dependency: 'reactive2'. Either include it or remove the dependency array.
   ┌─ roblox_roact_exhaustive_deps.lua:30:10
   │
30 │     end, depArray(reactive1))
   │          ^^^^^^^^^^^^^^^^^^^

error[roblox_roact_exhaustive_deps]: React hook useEffect has a missing dependency: 'reactive1'. Either include it or remove the dependency array.
   ┌─ roblox_roact_exhaustive_deps.lua:51:10
   │
51 │     end, {})
   │          ^^

