error[incorrect_standard_library_use]: standard library function `assert` requires 2 parameters, 1 passed

   ┌── assert.lua:3:1 ───
   │
 3 │ assert(true)
   │ ^^^^^^^^^^^^
   │

