error[roblox_suspicious_udim2_new]: UDim2.new takes 4 numbers, but 1 were provided.
  ┌─ roblox_suspicious_udim2_new.lua:1:1
  │
1 │ UDim2.new(1)
  │ ^^^^^^^^^^^^
  │
  = help: did you mean to use UDim2.fromScale or UDim2.fromOffset instead?

error[roblox_suspicious_udim2_new]: UDim2.new takes 4 numbers, but 1 were provided.
  ┌─ roblox_suspicious_udim2_new.lua:2:1
  │
2 │ UDim2.new(a)
  │ ^^^^^^^^^^^^
  │
  = help: did you mean to use UDim2.fromScale or UDim2.fromOffset instead?

error[roblox_suspicious_udim2_new]: UDim2.new takes 4 numbers, but 2 were provided.
  ┌─ roblox_suspicious_udim2_new.lua:3:1
  │
3 │ UDim2.new(1, 1)
  │ ^^^^^^^^^^^^^^^
  │
  = help: did you mean to use UDim2.fromScale or UDim2.fromOffset instead?

error[roblox_suspicious_udim2_new]: UDim2.new takes 4 numbers, but 3 were provided.
  ┌─ roblox_suspicious_udim2_new.lua:5:1
  │
5 │ UDim2.new(1, 1, 1)
  │ ^^^^^^^^^^^^^^^^^^
  │
  = help: did you mean to use UDim2.fromScale or UDim2.fromOffset instead?

error[roblox_suspicious_udim2_new]: UDim2.new takes 4 numbers, but 3 were provided.
  ┌─ roblox_suspicious_udim2_new.lua:6:1
  │
6 │ UDim2.new(a, b, c)
  │ ^^^^^^^^^^^^^^^^^^
  │
  = help: did you mean to use UDim2.fromScale or UDim2.fromOffset instead?

